[0m19:11:28.557533 [debug] [MainThread]: Sending event: {'category': 'dbt', 'action': 'invocation', 'label': 'start', 'context': [<snowplow_tracker.self_describing_json.SelfDescribingJson object at 0x7171d4055e80>, <snowplow_tracker.self_describing_json.SelfDescribingJson object at 0x7171d5f50910>, <snowplow_tracker.self_describing_json.SelfDescribingJson object at 0x7171d29ef9d0>]}


============================== 19:11:28.563374 | 31b3268d-56bb-4ac4-9665-c5ee1c817ba4 ==============================
[0m19:11:28.563374 [info ] [MainThread]: Running with dbt=1.12.5
[0m19:11:28.564266 [debug] [MainThread]: running dbt with arguments {'invocation_command': 'dbt debug', 'profiles_dir': '/home/keoma/.dbt', 'indirect_selection': 'eager', 'log_cache_events': 'False', 'empty': 'None', 'warn_error': 'None', 'printer_width': '80', 'partial_parse': 'True', 'introspect': 'True', 'maximum_seed_size_mib': '1', 'use_experimental_parser': 'False', 'static_parser': 'True', 'debug': 'False', 'cache_selected_only': 'False', 'log_path': 'logs', 'version_check': 'True', 'quiet': 'False', 'target_path': 'None', 'warn_error_options': 'WarnErrorOptionsV2(error=[], warn=[], silence=[])', 'no_print': 'None', 'use_colors': 'True', 'fail_fast': 'False', 'hints_enabled': 'True', 'send_anonymous_usage_stats': 'True', 'log_format': 'default', 'write_json': 'True'}
[0m19:11:28.592012 [info ] [MainThread]: dbt version: 1.12.5
[0m19:11:28.593056 [info ] [MainThread]: python version: 3.14.4
[0m19:11:28.593918 [info ] [MainThread]: python path: /home/keoma/Ciencia-de-datos/.venv/bin/python3
[0m19:11:28.594820 [info ] [MainThread]: os info: Linux-7.0.0-34-generic-x86_64-desconocido-with-glibc2.43
[0m19:11:28.595765 [info ] [MainThread]: Using profiles dir at /home/keoma/.dbt
[0m19:11:28.596603 [info ] [MainThread]: Using profiles.yml file at /home/keoma/.dbt/profiles.yml
[0m19:11:28.597324 [info ] [MainThread]: Using dbt_project.yml file at /home/keoma/Ciencia-de-datos/laboratorios/semana-07/dbt_project.yml
[0m19:11:28.598115 [info ] [MainThread]: Configuration:
[0m19:11:28.598735 [info ] [MainThread]:   profiles.yml file [[31mERROR not found[0m]
[0m19:11:28.599475 [info ] [MainThread]:   dbt_project.yml file [[31mERROR not found[0m]
[0m19:11:28.600178 [info ] [MainThread]: Required dependencies:
[0m19:11:28.600951 [debug] [MainThread]: Executing "git --help"
[0m19:11:28.607411 [debug] [MainThread]: STDOUT: "b"uso: git [-v | --version] [-h | --help] [-C <path>] [-c <name>=<value>]\n           [--exec-path[=<path>]] [--html-path] [--man-path] [--info-path]\n           [-p | --paginate | -P | --no-pager] [--no-replace-objects] [--no-lazy-fetch]\n           [--no-optional-locks] [--no-advice] [--bare] [--git-dir=<path>]\n           [--work-tree=<path>] [--namespace=<name>] [--config-env=<name>=<envvar>]\n           <command> [<args>]\n\nEstos son comandos comunes de Git usados en varias situaciones:\n\ncomenzar un \xc3\xa1rea de trabajo (mira tambi\xc3\xa9n: git help tutorial)\n   clone      Clonar un repositorio dentro de un nuevo directorio\n   init       Crear un repositorio de Git vac\xc3\xado o reinicia el que ya existe\n\ntrabajar en los cambios actuales (mira tambi\xc3\xa9n: git help everyday)\n   add        Agregar contenido de archivos al \xc3\xadndice\n   mv         Mover o cambiar el nombre a archivos, directorios o enlaces simb\xc3\xb3licos\n   restore    Restaurar archivos del \xc3\xa1rbol de trabajo\n   rm         Borrar archivos del \xc3\xa1rbol de trabajo y del \xc3\xadndice\n\nexaminar el historial y el estado (mira tambi\xc3\xa9n: git help revisions)\n   bisect     Usar la b\xc3\xbasqueda binaria para encontrar el commit que introdujo el bug\n   diff       Mostrar los cambios entre commits, commit y \xc3\xa1rbol de trabajo, etc\n   grep       Imprimir las l\xc3\xadneas que concuerden con el patr\xc3\xb3n\n   log        Mostrar los logs de los commits\n   show       Mostrar varios tipos de objetos\n   status     Mostrar el estado del \xc3\xa1rbol de trabajo\n\ncrecer, marcar y ajustar tu historial com\xc3\xban\n   backfill   Download missing objects in a partial clone\n   branch     Listar, crear, o borrar ramas\n   commit     Grabar los cambios al repositorio\n   merge      Juntar dos o m\xc3\xa1s historiales de desarrollo juntos\n   rebase     Volver a aplicar commits en la punta de otra rama\n   reset      Set `HEAD` or the index to a known state\n   switch     Cambiar de branch\n   tag        Create, list, delete or verify tags\n\ncolaborar (mira tambi\xc3\xa9n: git help workflows)\n   fetch      Descargar objetos y referencias de otro repositorio\n   pull       Realizar un fetch e integra con otro repositorio o rama local\n   push       Actualizar referencias remotas junto con sus objetos asociados\n\n'git help -a' y 'git help -g' listan los subcomandos disponibles y algunas\ngu\xc3\xadas de concepto. Consulta 'git help <command>' o 'git help <concepto>'\npara leer sobre un subcomando o concepto espec\xc3\xadfico.\nMira 'git help git' para una vista general del sistema.\n""
[0m19:11:28.608287 [debug] [MainThread]: STDERR: "b''"
[0m19:11:28.608721 [info ] [MainThread]:  - git [[32mOK found[0m]

[0m19:11:28.609478 [info ] [MainThread]: Connection test skipped since no profile was found
[0m19:11:28.610322 [info ] [MainThread]: [31m2 checks failed:[0m
[0m19:11:28.611232 [info ] [MainThread]: dbt looked for a profiles.yml file in /home/keoma/.dbt/profiles.yml, but did
not find one. For more information on configuring your profile, consult the
documentation:

https://docs.getdbt.com/docs/configure-your-profile


[0m19:11:28.612036 [info ] [MainThread]: Project loading failed for the following reason:
 project path </home/keoma/Ciencia-de-datos/laboratorios/semana-07/dbt_project.yml> not found

[0m19:11:28.614573 [debug] [MainThread]: Resource report: {"command_name": "debug", "command_success": false, "command_wall_clock_time": 0.15466909, "process_in_blocks": "82112", "process_kernel_time": 0.311879, "process_mem_max_rss": "118252", "process_out_blocks": "16", "process_user_time": 1.804226}
[0m19:11:28.615751 [debug] [MainThread]: Command `dbt debug` failed at 19:11:28.615506 after 0.16 seconds
[0m19:11:28.616621 [debug] [MainThread]: Sending event: {'category': 'dbt', 'action': 'invocation', 'label': 'end', 'context': [<snowplow_tracker.self_describing_json.SelfDescribingJson object at 0x7171d2a7d480>, <snowplow_tracker.self_describing_json.SelfDescribingJson object at 0x7171d28ac830>, <snowplow_tracker.self_describing_json.SelfDescribingJson object at 0x7171d2a0bac0>]}
[0m19:11:28.617507 [debug] [MainThread]: Flushing usage events
[0m19:11:29.859554 [debug] [MainThread]: An error was encountered while trying to flush usage events
[0m19:11:41.860313 [debug] [MainThread]: Sending event: {'category': 'dbt', 'action': 'invocation', 'label': 'start', 'context': [<snowplow_tracker.self_describing_json.SelfDescribingJson object at 0x7d768c75de80>, <snowplow_tracker.self_describing_json.SelfDescribingJson object at 0x7d768e55c910>, <snowplow_tracker.self_describing_json.SelfDescribingJson object at 0x7d768b0fb9d0>]}


============================== 19:11:41.865297 | 8db1a2ca-7a57-4f44-a7a8-ed8d478c3d3f ==============================
[0m19:11:41.865297 [info ] [MainThread]: Running with dbt=1.12.5
[0m19:11:41.866636 [debug] [MainThread]: running dbt with arguments {'indirect_selection': 'eager', 'use_colors': 'True', 'empty': 'None', 'profiles_dir': '/home/keoma/.dbt', 'maximum_seed_size_mib': '1', 'hints_enabled': 'True', 'log_path': 'logs', 'write_json': 'True', 'version_check': 'True', 'use_experimental_parser': 'False', 'printer_width': '80', 'target_path': 'None', 'debug': 'False', 'quiet': 'False', 'invocation_command': 'dbt debug --connection', 'send_anonymous_usage_stats': 'True', 'introspect': 'True', 'static_parser': 'True', 'partial_parse': 'True', 'fail_fast': 'False', 'log_cache_events': 'False', 'cache_selected_only': 'False', 'warn_error': 'None', 'no_print': 'None', 'log_format': 'default', 'warn_error_options': 'WarnErrorOptionsV2(error=[], warn=[], silence=[])'}
[0m19:11:41.878440 [info ] [MainThread]: dbt version: 1.12.5
[0m19:11:41.879053 [info ] [MainThread]: python version: 3.14.4
[0m19:11:41.879613 [info ] [MainThread]: python path: /home/keoma/Ciencia-de-datos/.venv/bin/python3
[0m19:11:41.880289 [info ] [MainThread]: os info: Linux-7.0.0-34-generic-x86_64-desconocido-with-glibc2.43
[0m19:11:41.881043 [info ] [MainThread]: Using profiles dir at /home/keoma/.dbt
[0m19:11:41.881750 [info ] [MainThread]: Using profiles.yml file at /home/keoma/.dbt/profiles.yml
[0m19:11:41.882540 [info ] [MainThread]: Using dbt_project.yml file at /home/keoma/Ciencia-de-datos/laboratorios/semana-07/dbt_project.yml
[0m19:11:41.883466 [info ] [MainThread]: Skipping steps before connection verification
[0m19:11:41.884273 [info ] [MainThread]: Connection test skipped since no profile was found
[0m19:11:41.885275 [info ] [MainThread]: [31m2 checks failed:[0m
[0m19:11:41.886137 [info ] [MainThread]: dbt looked for a profiles.yml file in /home/keoma/.dbt/profiles.yml, but did
not find one. For more information on configuring your profile, consult the
documentation:

https://docs.getdbt.com/docs/configure-your-profile


[0m19:11:41.886876 [info ] [MainThread]: Project loading failed for the following reason:
 project path </home/keoma/Ciencia-de-datos/laboratorios/semana-07/dbt_project.yml> not found

[0m19:11:41.888433 [debug] [MainThread]: Resource report: {"command_name": "debug", "command_success": false, "command_wall_clock_time": 0.13861741, "process_in_blocks": "0", "process_kernel_time": 0.154905, "process_mem_max_rss": "118348", "process_out_blocks": "8", "process_user_time": 1.710952}
[0m19:11:41.889463 [debug] [MainThread]: Command `dbt debug` failed at 19:11:41.889145 after 0.14 seconds
[0m19:11:41.890427 [debug] [MainThread]: Sending event: {'category': 'dbt', 'action': 'invocation', 'label': 'end', 'context': [<snowplow_tracker.self_describing_json.SelfDescribingJson object at 0x7d768b185480>, <snowplow_tracker.self_describing_json.SelfDescribingJson object at 0x7d768afb4830>, <snowplow_tracker.self_describing_json.SelfDescribingJson object at 0x7d768b113ac0>]}
[0m19:11:41.891211 [debug] [MainThread]: Flushing usage events
[0m19:11:42.467472 [debug] [MainThread]: An error was encountered while trying to flush usage events
